Microchip MPLAB XC8 Compiler V2.35

Linker command line:

-W-3 --edf=/opt/microchip/xc8/v2.35/pic/dat/en_msgs.txt -cn \
  -h+dist/default/production/Master.X.production.sym \
  --cmf=dist/default/production/Master.X.production.cmf -z -Q16F887 \
  -o/tmp/xcXDjeFpe --defsym=__MPLAB_BUILD=1 \
  -Mdist/default/production/Master.X.production.map --md=/tmp/xcXiFElmo.dat \
  -E1 -ver=XC8 Compiler --acfsm=1493 -ACODE=00h-07FFhx4 \
  -ASTRCODE=00h-01FFFh -ASTRING=00h-0FFhx32 -ACONST=00h-0FFhx32 \
  -AENTRY=00h-0FFhx32 -ACOMMON=070h-07Fh -ABANK0=020h-06Fh \
  -ABANK1=0A0h-0EFh -ABANK2=0110h-016Fh -ABANK3=0190h-01EFh \
  -ARAM=020h-06Fh,0A0h-0EFh,0110h-016Fh,0190h-01EFh \
  -AABS1=020h-07Fh,0A0h-0EFh,0110h-016Fh,0190h-01EFh -ASFR0=00h-01Fh \
  -ASFR1=080h-09Fh -ASFR2=0100h-010Fh -ASFR3=0180h-018Fh \
  -ACONFIG=02007h-02008h -DCONFIG=2 -AIDLOC=02000h-02003h -DIDLOC=2 \
  -AEEDATA=00h-0FFh/02100h -peeprom_data=EEDATA -DEEDATA=2 -DCODE=2 \
  -DSTRCODE=2 -DSTRING=2 -DCONST=2 -DENTRY=2 \
  -preset_vec=00h,intentry=04h,init,end_init -ppowerup=CODE -pcinit=CODE \
  -pfunctab=ENTRY -k /tmp/xcXGHlEiP.o \
  dist/default/production/Master.X.production.o 

Object code version is 3.11

Machine type is 16F887



                Name                               Link     Load   Length Selector   Space Scale
/tmp/xcXGHlEiP.o
                end_init                              C        C        3        8       0
                reset_vec                             0        0        3        0       0
                config                             2007     2007        2        0       4
                idloc                              2000     2000        4        0       5
dist/default/production/Master.X.production.o
                cinit                                 F        F       13        8       0
                intentry                              4        4        8        8       0
                config                             2007     2007        2        0       4
                idloc                              2000     2000        4        0       5
                text10                              2B2      2B2        D      564       0
                text9                               2BF      2BF        5      564       0
                text8                               282      282       1E        8       0
                text7                                22       22      260        8       0
                text6                               7F8      7F8        5      9C6       0
                text5                               79A      79A       2B      9C6       0
                text4                               7E9      7E9        F      9C6       0
                text3                               7C5      7C5       24      9C6       0
                text2                               4E3      4E3      199      9C6       0
                text1                               67C      67C       A5      9C6       0
                maintext                            721      721       79      9C6       0
                cstackBANK0                          20       20        8       20       1
                cstackCOMMON                         76       76        6       70       1
                bssBANK0                             28       28        7       20       1
                bssCOMMON                            70       70        6       70       1
                stringtext                          300      300      1E3        6       0
                strings                             2A0      2A0       12      540       0

TOTAL           Name                               Link     Load   Length     Space
        CLASS   CODE           
                end_init                              C        C        3         0
                cinit                                 F        F       13         0
                intentry                              4        4        8         0
                reset_vec                             0        0        3         0
                text10                              2B2      2B2        D         0
                text9                               2BF      2BF        5         0
                text8                               282      282       1E         0
                text7                                22       22      260         0
                text6                               7F8      7F8        5         0
                text5                               79A      79A       2B         0
                text4                               7E9      7E9        F         0
                text3                               7C5      7C5       24         0
                text2                               4E3      4E3      199         0
                text1                               67C      67C       A5         0
                maintext                            721      721       79         0

        CLASS   STRCODE        
                stringtext                          300      300      1E3         0

        CLASS   STRING         
                strings                             2A0      2A0       12         0

        CLASS   CONST          

        CLASS   ENTRY          

        CLASS   COMMON         
                cstackCOMMON                         76       76        6         1
                bssCOMMON                            70       70        6         1

        CLASS   BANK0          
                cstackBANK0                          20       20        8         1
                bssBANK0                             28       28        7         1

        CLASS   BANK1          

        CLASS   BANK2          

        CLASS   BANK3          

        CLASS   RAM            

        CLASS   ABS1           
                abs_s1                               7E       7E        2         1

        CLASS   SFR0           

        CLASS   SFR1           

        CLASS   SFR2           

        CLASS   SFR3           

        CLASS   CONFIG         
                config                             2007     2007        2         4

        CLASS   IDLOC          
                idloc                              2000     2000        4         5

        CLASS   EEDATA         

        CLASS   STACK          



SEGMENTS        Name                           Load    Length   Top    Selector   Space  Class     Delta

                stringtext                     000300  0001E3  0004E3         6       0  STRCODE     2
                text2                          0004E3  00031A  0007FD       9C6       0  CODE        2
                text10                         0002B2  000012  0002C4       564       0  CODE        2
                reset_vec                      000000  000003  000003         0       0  CODE        2
                strings                        0002A0  000012  0002B2       540       0  STRING      2
                bssCOMMON                      000070  00000C  00007C        70       1  COMMON      1
                intentry                       000004  00029C  0002A0         8       0  CODE        2
                cstackBANK0                    000020  00000F  00002F        20       1  BANK0       1


UNUSED ADDRESS RANGES

        Name                Unused          Largest block    Delta
        BANK0            002F-006F             41           1
        BANK1            00A0-00EF             50           1
        BANK2            0110-016F             60           1
        BANK3            0190-01EF             60           1
        CODE             0003-0003              1           2
                         02C4-02FF             3C
                         07FD-1FFF            800
        COMMON           007C-007D              2           1
        CONST            0003-0003              1           2
                         02C4-02FF             3C
                         07FD-1FFF            100
        EEDATA           2100-21FF            100           2
        ENTRY            0003-0003              1           2
                         02C4-02FF             3C
                         07FD-1FFF            100
        RAM              002F-006F             41           1
                         00A0-00EF             50
                         0110-016F             60
                         0190-01EF             60
        SFR0             0000-001F             20           1
        SFR1             0080-009F             20           1
        SFR2             0100-010F             10           1
        SFR3             0180-018F             10           1
        STRCODE          0003-0003              1           2
                         02C4-02FF             3C
                         07FD-1FFF           1803
        STRING           0003-0003              1           2
                         02C4-02FF             3C
                         07FD-1FFF            100

                                  Symbol Table

_ADCON0bits              (abs)        001F
_ADCON1bits              (abs)        009F
_ADRESH                  (abs)        001E
_ANSEL                   (abs)        0188
_ANSELH                  (abs)        0189
_BAUDCTLbits             (abs)        0187
_CCP1CONbits             (abs)        0017
_CCP2CONbits             (abs)        001D
_CCPR1L                  (abs)        0015
_CCPR2L                  (abs)        001B
_EEADR                   (abs)        010D
_EECON1bits              (abs)        018C
_EECON2                  (abs)        018D
_EEDAT                   (abs)        010C
_INTCONbits              (abs)        000B
_IOCBbits                (abs)        0096
_OPTION_REGbits          (abs)        0081
_OSCCONbits              (abs)        008F
_PIE1bits                (abs)        008C
_PIR1bits                (abs)        000C
_PIR2bits                (abs)        000D
_PORTA                   (abs)        0005
_PORTAbits               (abs)        0005
_PORTB                   (abs)        0006
_PORTBbits               (abs)        0006
_PORTC                   (abs)        0007
_PORTD                   (abs)        0008
_PORTDbits               (abs)        0008
_PORTE                   (abs)        0009
_PR2                     (abs)        0092
_RCREG                   (abs)        001A
_RCSTAbits               (abs)        0018
_SPBRG                   (abs)        0099
_SPBRGH                  (abs)        009A
_SSPBUF                  (abs)        0013
_SSPCONbits              (abs)        0014
_SSPSTATbits             (abs)        0094
_T2CONbits               (abs)        0012
_TMR0                    (abs)        0001
_TRISA                   (abs)        0085
_TRISB                   (abs)        0086
_TRISCbits               (abs)        0087
_TRISD                   (abs)        0088
_TRISE                   (abs)        0089
_TXREG                   (abs)        0019
_TXSTAbits               (abs)        0098
_WPUBbits                (abs)        0095
__Habs1                  abs1         0000
__Hbank0                 bank0        0000
__Hbank1                 bank1        0000
__Hbank2                 bank2        0000
__Hbank3                 bank3        0000
__HbssBANK0              bssBANK0     0000
__HbssCOMMON             bssCOMMON    0000
__Hcinit                 cinit        0022
__Hclrtext               clrtext      0000
__Hcode                  code         0000
__Hcommon                common       0000
__Hconfig                config       2009
__HcstackBANK0           cstackBANK0  0000
__HcstackCOMMON          cstackCOMMON 0000
__Heeprom_data           eeprom_data  0000
__Hend_init              end_init     000F
__Hfunctab               functab      0000
__Hidloc                 idloc        2004
__Hinit                  init         000C
__Hintentry              intentry     000C
__Hmaintext              maintext     0000
__Hpowerup               powerup      0000
__Hram                   ram          0000
__Hreset_vec             reset_vec    0003
__Hsfr0                  sfr0         0000
__Hsfr1                  sfr1         0000
__Hsfr2                  sfr2         0000
__Hsfr3                  sfr3         0000
__Hspace_0               (abs)        07FD
__Hspace_1               (abs)        007C
__Hspace_2               (abs)        0000
__Hspace_3               (abs)        0000
__Hspace_4               (abs)        4010
__Hstack                 stack        0000
__Hstrings               strings      0000
__Hstringtext            stringtext   0000
__Htext                  text         0000
__Labs1                  abs1         0000
__Lbank0                 bank0        0000
__Lbank1                 bank1        0000
__Lbank2                 bank2        0000
__Lbank3                 bank3        0000
__LbssBANK0              bssBANK0     0000
__LbssCOMMON             bssCOMMON    0000
__Lcinit                 cinit        000F
__Lclrtext               clrtext      0000
__Lcode                  code         0000
__Lcommon                common       0000
__Lconfig                config       0000
__LcstackBANK0           cstackBANK0  0000
__LcstackCOMMON          cstackCOMMON 0000
__Leeprom_data           eeprom_data  0000
__Lend_init              end_init     000C
__Lfunctab               functab      0000
__Lidloc                 idloc        0000
__Linit                  init         000C
__Lintentry              intentry     0004
__Lmaintext              maintext     0000
__Lpowerup               powerup      0000
__Lram                   ram          0000
__Lreset_vec             reset_vec    0000
__Lsfr0                  sfr0         0000
__Lsfr1                  sfr1         0000
__Lsfr2                  sfr2         0000
__Lsfr3                  sfr3         0000
__Lspace_0               (abs)        0000
__Lspace_1               (abs)        0000
__Lspace_2               (abs)        0000
__Lspace_3               (abs)        0000
__Lspace_4               (abs)        0000
__Lstack                 stack        0000
__Lstrings               strings      0000
__Lstringtext            stringtext   0000
__Ltext                  text         0000
__S0                     (abs)        07FD
__S1                     (abs)        007C
__S3                     (abs)        0000
___int_sp                stack        0000
___latbits               (abs)        0002
___sp                    stack        0000
___stackhi               (abs)        0000
___stacklo               (abs)        0000
__end_of__initialization cinit        001E
__end_of__stringtab      strings      02B2
__end_of_isr             text7        0282
__end_of_main            maintext     079A
__end_of_print           text5        07C5
__end_of_read_EEPROM     text4        07F8
__end_of_reset_TMR0      text6        07FD
__end_of_run_EUSART      text2        067C
__end_of_setup           text1        0721
__end_of_write_EEPROM    text3        07E9
__end_ofi1_read_EEPROM   text10       02BF
__end_ofi1_reset_TMR0    text9        02C4
__end_ofi1_write_EEPROM  text8        02A0
__initialization         cinit        000F
__pbssBANK0              bssBANK0     0028
__pbssCOMMON             bssCOMMON    0070
__pcstackBANK0           cstackBANK0  0020
__pcstackCOMMON          cstackCOMMON 0076
__pintentry              intentry     0004
__pmaintext              maintext     0721
__pstrings               strings      02A0
__pstringtext            stringtext   0300
__ptext1                 text1        067C
__ptext10                text10       02B2
__ptext2                 text2        04E3
__ptext3                 text3        07C5
__ptext4                 text4        07E9
__ptext5                 text5        079A
__ptext6                 text6        07F8
__ptext7                 text7        0022
__ptext8                 text8        0282
__ptext9                 text9        02BF
__stringbase             strings      02B2
__stringtab              strings      02A0
_data_SPI                bssCOMMON    0075
_flag_EEPROM             bssCOMMON    0073
_flag_EUSART             bssBANK0     002C
_isr                     text7        0022
_main                    maintext     0721
_position_servo          bssCOMMON    0074
_print                   text5        079A
_read_EEPROM             text4        07E9
_read_serial             bssCOMMON    0070
_reset_TMR0              text6        07F8
_run_EUSART              text2        04E3
_servo1                  bssBANK0     002B
_servo2                  bssBANK0     002A
_servo3                  bssBANK0     0029
_servo3_READ             bssCOMMON    0072
_servo4                  bssBANK0     0028
_servo4_READ             bssCOMMON    0071
_setup                   text1        067C
_write_EEPROM            text3        07C5
_write_address           bssBANK0     002E
_write_data              bssBANK0     002D
btemp                    (abs)        007E
end_of_initialization    cinit        001E
i1_read_EEPROM           text10       02B2
i1_reset_TMR0            text9        02BF
i1_write_EEPROM          text8        0282
i1read_EEPROM@address    cstackCOMMON 0076
i1write_EEPROM@address   cstackCOMMON 0077
i1write_EEPROM@data      cstackCOMMON 0076
interrupt_function       intentry     0004
intlevel0                functab      0000
intlevel1                functab      0000
intlevel2                functab      0000
intlevel3                functab      0000
intlevel4                functab      0000
intlevel5                functab      0000
print@index              cstackBANK0  0023
print@str                cstackBANK0  0020
read_EEPROM@address      cstackBANK0  0020
reset_vec                reset_vec    0000
saved_w                  (abs)        007E
start                    init         000C
start_initialization     cinit        000F
write_EEPROM@address     cstackBANK0  0021
write_EEPROM@data        cstackBANK0  0020
wtemp0                   (abs)        007E


MODULE INFORMATION

Module		Function		Class		Link	Load	Size
shared
		__stringtab    		STRING         	02A0	0000	18
		i1_write_EEPROM		CODE           	0282	0000	30
		__initialization		CODE           	000F	0000	15
		i1_reset_TMR0  		CODE           	02BF	0000	5
		i1_read_EEPROM 		CODE           	02B2	0000	13

shared estimated size: 81

main.c
		_main          		CODE           	0721	0000	121
		_reset_TMR0    		CODE           	07F8	0000	5
		_isr           		CODE           	0022	0000	608
		_print         		CODE           	079A	0000	43
		_setup         		CODE           	067C	0000	165
		_read_EEPROM   		CODE           	07E9	0000	15
		_write_EEPROM  		CODE           	07C5	0000	36
		_run_EUSART    		CODE           	04E3	0000	409

main.c estimated size: 1402

